
> board-game-tracker@0.1.0 test:e2e
> playwright test

